To honour the JVM settings for this build a single-use Daemon process will be forked. For more on this, please refer to https://docs.gradle.org/9.7.1/userguide/gradle_daemon.html#sec:disabling_the_daemon in the Gradle documentation.
Daemon will be stopped at the end of the build 
Calculating task graph as no cached configuration is available for tasks: assembleDebug
Type-safe project accessors is an incubating feature.

> Configure project :composeApp
WARNING: The 'commonTest' source directory exists, but android host tests are not enabled. To enable android host tests, add `withHostTest {}` to your android target configuration in the Gradle build file.
Add android.sync.suppressAgpWarnings=GENERIC to the gradle.properties file to suppress this warning.
Checking the license for package Android SDK Build-Tools 37 in D:\DevHub\AndroidSdk\licenses
License for package Android SDK Build-Tools 37 accepted.
Preparing "Install Android SDK Build-Tools 37 v.37.0.0".
"Install Android SDK Build-Tools 37 v.37.0.0" ready.
Installing Android SDK Build-Tools 37 in D:\DevHub\AndroidSdk\build-tools\37.0.0
"Install Android SDK Build-Tools 37 v.37.0.0" complete.
"Install Android SDK Build-Tools 37 v.37.0.0" finished.
[=========                              ] 25%                                   

> Task :androidApp:preBuild UP-TO-DATE
> Task :composeApp:androidPreBuild UP-TO-DATE
> Task :composeApp:preAndroidMainBuild UP-TO-DATE
> Task :androidApp:preDebugBuild UP-TO-DATE
> Task :androidApp:mergeDebugNativeDebugMetadata NO-SOURCE
> Task :androidApp:generateDebugResources UP-TO-DATE
> Task :composeApp:generateAndroidMainEmptyResourceFiles UP-TO-DATE
> Task :composeApp:kmpPartiallyResolvedDependenciesChecker
> Task :composeApp:checkKotlinGradlePluginConfigurationErrors SKIPPED
> Task :androidApp:packageDebugResources UP-TO-DATE
> Task :composeApp:convertXmlValueResourcesForAndroidMain NO-SOURCE
> Task :composeApp:copyNonXmlValueResourcesForAndroidMain NO-SOURCE
> Task :composeApp:prepareComposeResourcesTaskForAndroidMain NO-SOURCE
> Task :composeApp:generateResourceAccessorsForAndroidMain NO-SOURCE
> Task :composeApp:convertXmlValueResourcesForCommonMain
> Task :composeApp:copyNonXmlValueResourcesForCommonMain NO-SOURCE
> Task :composeApp:prepareComposeResourcesTaskForCommonMain
> Task :androidApp:processDebugNavigationResources UP-TO-DATE
> Task :androidApp:parseDebugLocalResources UP-TO-DATE
> Task :androidApp:generateDebugRFile UP-TO-DATE
> Task :androidApp:javaPreCompileDebug UP-TO-DATE
> Task :androidApp:generateDebugAssets UP-TO-DATE
> Task :androidApp:generateDebugGlobalSynthetics UP-TO-DATE
> Task :androidApp:checkDebugDuplicateClasses UP-TO-DATE
> Task :androidApp:desugarDebugFileDependencies UP-TO-DATE
> Task :androidApp:mergeExtDexDebug UP-TO-DATE
> Task :composeApp:generateResourceAccessorsForCommonMain
> Task :androidApp:mapDebugSourceSetPaths UP-TO-DATE
> Task :androidApp:compileDebugNavigationResources UP-TO-DATE
> Task :androidApp:createDebugCompatibleScreenManifests UP-TO-DATE
> Task :androidApp:extractDeepLinksDebug UP-TO-DATE
> Task :androidApp:mergeDebugJniLibFolders UP-TO-DATE
> Task :androidApp:validateSigningDebug UP-TO-DATE
> Task :androidApp:writeDebugAppMetadata UP-TO-DATE
> Task :composeApp:generateActualResourceCollectorsForAndroidMain
> Task :androidApp:writeDebugSigningConfigVersions UP-TO-DATE
> Task :composeApp:copyAndroidMainComposeResourcesToAndroidAssets UP-TO-DATE
> Task :composeApp:packageAndroidMainResources UP-TO-DATE
> Task :composeApp:parseAndroidMainLocalResources UP-TO-DATE
> Task :composeApp:generateAndroidMainRFile UP-TO-DATE
> Task :composeApp:generateAppVersionSource UP-TO-DATE
> Task :composeApp:generateComposeResClass
> Task :composeApp:generateExpectResourceCollectorsForCommonMain
> Task :androidApp:mergeDebugResources UP-TO-DATE
> Task :composeApp:compileAndroidMain UP-TO-DATE
> Task :composeApp:bundleAndroidMainClassesToCompileJar UP-TO-DATE
> Task :composeApp:generateAndroidMainAssets UP-TO-DATE
> Task :composeApp:mergeAndroidMainAssets UP-TO-DATE
> Task :composeApp:compressAndroidMainJavaRes UP-TO-DATE
> Task :androidApp:compileDebugKotlin UP-TO-DATE
> Task :androidApp:compileDebugJavaWithJavac NO-SOURCE
> Task :composeApp:bundleLibRuntimeToDirAndroidMain UP-TO-DATE
> Task :androidApp:mergeDebugAssets UP-TO-DATE
> Task :composeApp:writeAndroidMainAarMetadata UP-TO-DATE
> Task :androidApp:compressDebugAssets UP-TO-DATE
> Task :composeApp:processAndroidMainManifest UP-TO-DATE
> Task :composeApp:mapAndroidMainSourceSetPaths UP-TO-DATE
> Task :androidApp:compressDebugJavaRes UP-TO-DATE
> Task :composeApp:compileAndroidMainLibraryResources UP-TO-DATE
> Task :composeApp:mergeAndroidMainJniLibFolders UP-TO-DATE
> Task :composeApp:mergeAndroidMainNativeLibs UP-TO-DATE
> Task :composeApp:copyAndroidMainJniLibsProjectOnly UP-TO-DATE
> Task :androidApp:mergeDebugJavaResource UP-TO-DATE
> Task :androidApp:mergeLibDexDebug UP-TO-DATE
> Task :androidApp:checkDebugAarMetadata UP-TO-DATE
> Task :androidApp:processDebugMainManifest UP-TO-DATE
> Task :androidApp:processDebugManifest UP-TO-DATE
> Task :androidApp:processDebugManifestForPackage UP-TO-DATE
> Task :androidApp:processDebugResources UP-TO-DATE
> Task :androidApp:dexBuilderDebug UP-TO-DATE
> Task :androidApp:mergeProjectDexDebug UP-TO-DATE
> Task :androidApp:mergeDebugNativeLibs UP-TO-DATE
> Task :androidApp:stripDebugDebugSymbols UP-TO-DATE
> Task :androidApp:packageDebug UP-TO-DATE
> Task :androidApp:createDebugApkListingFileRedirect UP-TO-DATE
> Task :androidApp:assembleDebug UP-TO-DATE

BUILD SUCCESSFUL in 50s
61 actionable tasks: 7 executed, 54 up-to-date
Configuration cache entry discarded because incompatible task was found: 'task `:composeApp:generateAppVersionSource` of type `Build_gradle$GenerateTextFileTask`'.
